// Jest Snapshot v1, https://jestjs.io/docs/snapshot-testing

exports[`Pruebas para GifItem debe hacer match con el snapshot 1`] = `
<div>
  <div
    class="card"
  >
    <img
      alt="Messi"
      src="https://static.messi.com/wp-content/uploads/2019/10/messi-logo-01.png"
    />
    <p>
      Messi
    </p>
  </div>
</div>
`;
